---
source: widget-cruncher/src/widget/textbox.rs
assertion_line: 737
expression: harness.root_widget()

---
TextBox(
    Portal(
        TextComponent,
    ),
)
