---
source: widget-cruncher/src/widget/label.rs
expression: harness.root_widget()

---
Label<Hello>
