---
source: widget-cruncher/src/widget/checkbox.rs
assertion_line: 210
expression: harness.root_widget()

---
SizedBox(
    Checkbox<[X] Hello>,
)
